 tests/rsrc/test_tree
   S
      d
      a
      c
      b
